// Jest Snapshot v1, https://goo.gl/fbAQLP

exports[`Wrapper wrapper render correctly 1`] = `
<main
  class="sc-bdfBwQ fMDArA"
  role="main"
/>
`;
